// Jest Snapshot v1, https://goo.gl/fbAQLP

exports[`puebas en LoginScreen.js debe hacer match con el snapshop 1`] = `
Array [
  <h3
    className="auth__title"
  >
     Login Screen 
  </h3>,
  <form
    className="animate__animated animate__fadeIn  animate__faster  "
    onSubmit={[Function]}
  >
    <label
      htmlFor="email"
    >
      Email
    </label>
    <input
      autoComplete="off"
      className="auth__input"
      name="email"
      onChange={[Function]}
      type="text"
      value="ralf_raid@yopmail.com"
    />
    <label
      htmlFor="password"
    >
      Password
    </label>
    <input
      autoComplete="off"
      className="auth__input"
      name="password"
      onChange={[Function]}
      type="password"
      value="123456"
    />
    <br />
    <button
      className="btn btn-primary btn-block"
      disabled={false}
    >
      SigIn
    </button>
    <div
      className="auth__social-networks"
    >
      <p>
        Login with social netwoks
      </p>
      <div
        className="google-btn"
        onClick={[Function]}
      >
        <div
          className="google-icon-wrapper"
        >
          <img
            alt="google button"
            className="google-icon"
            src="https://upload.wikimedia.org/wikipedia/commons/5/53/Google_%22G%22_Logo.svg"
          />
        </div>
        <p
          className="btn-text"
        >
          <b>
            Sign in with google
          </b>
        </p>
      </div>
    </div>
    <a
      className="link"
      href="/auth/register"
      onClick={[Function]}
    >
      Crate new acount
    </a>
  </form>,
]
`;
