// Jest Snapshot v1, https://goo.gl/fbAQLP

exports[`pruebas en NotesScreen.js debe hacer match con el snapshot 1`] = `
<div
  className="notes__main-content"
>
  <div
    className="notes__appbar "
  >
    <span>
       28 de agosto de 2021
    </span>
    <input
      id="fileSelector"
      onChange={[Function]}
      style={
        Object {
          "display": "none",
        }
      }
      type="file"
    />
    <div>
      <button
        className="btn"
        onClick={[Function]}
      >
        Picture
      </button>
      <button
        className="btn"
        onClick={[Function]}
      >
        Save
      </button>
    </div>
  </div>
  <div
    className="notes__content"
  >
    <label
      className="mt-5 mb-1"
      htmlFor="title"
    >
      Title
    </label>
    <input
      className="notes__title-input"
      name="title"
      onChange={[Function]}
      placeholder="Title"
      type="text"
      value="asd"
    />
    <label
      className="mt-5 mb-1"
      htmlFor="body"
    >
      Description
    </label>
    <textarea
      className="notes__textarea "
      name="body"
      onChange={[Function]}
      placeholder="What happened today?"
      value="123"
    />
    <div
      className="notes__image"
    />
  </div>
  <button
    className="btn btn-danger"
    onClick={[Function]}
  >
    Delete
  </button>
</div>
`;
